[thiepdientu.com.vn/mau-thiep/mau-thiep-vang-gold/index.html]
[thiepdientu.com.vn/mau-thiep/mau-thiep-co-dien/index.html]
[thiepdientu.com.vn/mau-thiep/mau-thiep-cuoi-korea/index.html]
[thiepdientu.com.vn/mau-thiep/mau-thiep-quy-phai/index.html]
[thiepdientu.com.vn/mau-thiep/mau-thiep-hien-dai-2/index.html]
[thiepdientu.com.vn/wp-content/uploads/2024/01/6CF32DE4-3EF7-49AC-B042-E4FA3AFE1CFE-683x1024.jpg]
[backblue.gif]
[fade.gif]
[index.html]
[thiepdientu.com.vn/wp-includes/css/dist/block-library/style.min9704.css]
[thiepdientu.com.vn/wp-content/themes/wedding-studio/css/uikit.min8a54.css]
[thiepdientu.com.vn/wp-content/themes/wedding-studio/css/reset18a54.css]
[cdn.jsdelivr.net/npm/remixicon@4.0.0/fonts/remixicon8a54.css]
[thiepdientu.com.vn/mau-thiep/mau-thiep-vang-gold/feed/index.html]
[thiepdientu.com.vn/wp-content/themes/wedding-studio/css/preload8a54.css]
[thiepdientu.com.vn/wp-content/themes/wedding-studio/css/reset-wedding8a54.css]
[cdn.jsdelivr.net/npm/@fancyapps/ui@5.0/dist/fancybox/fancybox8a54.css]
[cdn.jsdelivr.net/npm/swiper@11/swiper-bundle.min8a54.css]
[thiepdientu.com.vn/wp-content/themes/wedding-studio/css/animation8a54.css]
[thiepdientu.com.vn/wp-content/themes/wedding-studio/css/aos8a54.css]
[thiepdientu.com.vn/wp-content/themes/wedding-studio/css/footer8a54.css]
[thiepdientu.com.vn/wp-content/themes/wedding-studio/css/wedding8a54.css]
[thiepdientu.com.vn/wp-content/themes/wedding-studio/css/theme8a54.css]
[thiepdientu.com.vn/wp-includes/js/jquery/jquery.minf43b.js]
[thiepdientu.com.vn/wp-includes/js/jquery/jquery-migrate.min5589.js]
[thiepdientu.com.vn/wp-content/themes/wedding-studio/js/jquery.min8a54.js]
[thiepdientu.s3.ap-southeast-1.amazonaws.com/wp-content/uploads/2024/03/26115441/cropped-logo-favicon-32x32.png]
[thiepdientu.s3.ap-southeast-1.amazonaws.com/wp-content/uploads/2024/03/26115441/cropped-logo-favicon-192x192.png]
[thiepdientu.s3.ap-southeast-1.amazonaws.com/wp-content/uploads/2024/03/26115441/cropped-logo-favicon-180x180.png]
[thiepdientu.com.vn/wp-content/themes/wedding-studio/assets/gold/css/style.css]
[thiepdientu.com.vn/wp-content/uploads/2024/01/logo-doc3.png]
[thiepdientu.com.vn/wp-content/themes/wedding-studio/assets/gold/img/bg-top-right.png]
[thiepdientu.com.vn/wp-content/themes/wedding-studio/assets/gold/img/bg-bottom-left.png]
[thiepdientu.com.vn/wp-content/themes/wedding-studio/assets/gold/img/logo-img.png]
[thiepdientu.com.vn/wp-content/uploads/2024/01/3F2C891C-BDBD-47BF-88A3-A99E1DC850A6.jpg]
[thiepdientu.com.vn/wp-content/uploads/2024/01/8547179E-5B84-4F6F-9955-7A089DEB57C0.jpg]
[thiepdientu.com.vn/wp-content/uploads/2024/01/FF4127FB-2785-458A-8A3D-A3E72742913C.jpg]
[thiepdientu.com.vn/wp-content/uploads/2024/01/2F73AD46-95FD-46BD-AF84-9EB6AAE0D896.jpg]
[thiepdientu.com.vn/wp-content/uploads/2024/01/3BC49448-8D6D-48D6-8F91-E58B85773511.jpg]
[thiepdientu.com.vn/wp-content/uploads/2024/01/9E226C12-7168-4606-B58B-820972D0DC97-e1710468389529.jpg]
[thiepdientu.com.vn/wp-content/uploads/2024/01/B7337EB8-E437-496C-A4F5-9BC9FF8F6953.jpg]
[thiepdientu.com.vn/wp-content/uploads/2024/01/6CF32DE4-3EF7-49AC-B042-E4FA3AFE1CFE.jpg]
[thiepdientu.com.vn/wp-content/uploads/2024/01/D745F3CE-DC05-45C5-88F6-408A69D33377.jpg]
[thiepdientu.com.vn/wp-content/uploads/2024/01/B5B98586-8319-47C4-BC2D-EF47D9B498C1.jpg]
[thiepdientu.com.vn/wp-content/uploads/2024/01/D254EE0D-FF98-4172-9A92-24AA2CD781C4.jpg]
[thiepdientu.com.vn/wp-content/uploads/2024/01/17A5F6B3-B630-49FF-B992-8EA7C846246E.jpg]
[thiepdientu.com.vn/wp-content/uploads/2024/01/F4F0DCF3-E834-4949-A95C-72B1AA6769A3.jpg]
[thiepdientu.com.vn/wp-content/uploads/2024/01/D7F30C92-AFB3-4440-9D57-5A662A2D6CCE.jpg]
[thiepdientu.com.vn/wp-content/uploads/2024/01/B637D0C4-54F9-4898-A748-1A32BDC602E6.jpg]
[thiepdientu.com.vn/wp-content/uploads/2024/01/E3926477-7BF8-4E5B-8B84-99D6E4D78D9C.jpg]
[thiepdientu.com.vn/wp-content/uploads/2024/01/z5062484714460_86b92a8805a1d69892e3ad506673b204-11-e1705158219375.jpg]
[cdn.jsdelivr.net/npm/@fancyapps/ui@5.0/dist/fancybox/fancybox.umd8a54.js]
[static.vecteezy.com/system/resources/previews/016/407/415/original/paper-cut-sweet-pink-envelope-and-heart-with-copy-space-for-design-valentine-s-day-or-love-day-background-concept-send-a-letter-to-a-lover-c]
[thiepdientu.com.vn/wp-content/themes/wedding-studio/js/uikit.min8a54.js]
[thiepdientu.com.vn/wp-content/themes/wedding-studio/js/uikit-icons.min8a54.js]
[thiepdientu.com.vn/wp-content/themes/wedding-studio/js/preloader8a54.js]
[thiepdientu.com.vn/wp-content/themes/wedding-studio/js/aos8a54.js]
[cdn.jsdelivr.net/npm/swiper@11/swiper-bundle.min8a54.js]
[unpkg.com/scrollreveal@4.0.0/dist/scrollreveal.min.js]
[thiepdientu.com.vn/wp-content/themes/wedding-studio/js/main-wedding8a54.js]
[thiepdientu.com.vn/wp-includes/js/comment-reply.min9704.js]
[thiepdientu.com.vn/mau-thiep/mau-thiep-vang-gold/index.html]
[thiepdientu.com.vn/wp-content/uploads/2024/01/A880B420-A055-415D-8520-D4255085591F-683x1024.jpg]
[thiepdientu.com.vn/wp-content/themes/wedding-studio/assets/codien2/css/style.css]
[thiepdientu.com.vn/wp-content/themes/wedding-studio/assets/codien2/img-bg/leaf1.png]
[thiepdientu.com.vn/mau-thiep/mau-thiep-co-dien/feed/index.html]
[thiepdientu.com.vn/wp-content/themes/wedding-studio/assets/codien2/img-bg/sun.png]
[thiepdientu.com.vn/wp-content/uploads/2024/01/B4E770F8-DBCC-4030-88B0-B404758E50F6.jpg]
[thiepdientu.com.vn/wp-content/uploads/2024/01/2D5FF753-A804-4FA1-BDBE-7553131ED693.jpg]
[thiepdientu.com.vn/wp-content/uploads/2024/01/A880B420-A055-415D-8520-D4255085591F.jpg]
[thiepdientu.com.vn/wp-content/uploads/2024/01/83998C00-B860-4F90-8704-0335A59032BB-e1705071790284.jpg]
[thiepdientu.com.vn/wp-content/uploads/2024/01/9F051D30-60FD-4251-BEEA-D25101B80EFC-e1705071555184.jpg]
[thiepdientu.com.vn/wp-content/uploads/2024/01/4651C337-2197-41F3-8AE7-9E3DD09D38AC.jpg]
[thiepdientu.com.vn/wp-content/uploads/2024/01/A2E72DF2-6B86-4766-8FE9-C04DF9A7B5B7.jpg]
[thiepdientu.com.vn/wp-content/uploads/2024/01/E669BFB4-1211-4DF2-B81D-75A1740FEDDE.jpg]
[thiepdientu.com.vn/wp-content/uploads/2024/01/23AEF284-B9B0-4ABB-8AA9-0E329D9341FF.jpg]
[thiepdientu.com.vn/wp-content/uploads/2024/01/D6E135F6-494E-4ACF-A802-926FB29A0AB1.jpg]
[thiepdientu.com.vn/wp-content/uploads/2024/01/32F0DC7B-D4FB-48C8-A2A0-6F11CC45BDAE.jpg]
[thiepdientu.com.vn/wp-content/uploads/2024/01/471B39FE-1825-444D-88F5-9AD45B12C763.jpg]
[thiepdientu.com.vn/wp-content/uploads/2024/01/AA8C8E04-0BA2-4E20-8AE8-C8CB3D051B9B.jpg]
[thiepdientu.com.vn/wp-content/uploads/2024/01/7D76E311-431D-4771-A983-86960AC7FA0E.jpg]
[thiepdientu.com.vn/wp-content/uploads/2024/01/A6DCE732-7C04-4DA8-9B44-B730013219E6.jpg]
[thiepdientu.com.vn/wp-content/uploads/2024/01/3EA53B7E-5531-44DE-B40A-7CB83FD777B0.jpg]
[thiepdientu.com.vn/wp-content/uploads/2024/01/z5062484714460_86b92a8805a1d69892e3ad506673b204-4-e1705072064295.jpg]
[thiepdientu.com.vn/mau-thiep/mau-thiep-co-dien/index.html]
[thiepdientu.com.vn/wp-content/uploads/2023/12/MAU-KOREA.jpg]
[thiepdientu.com.vn/wp-content/themes/wedding-studio/assets/korea/css/style.css]
[thiepdientu.com.vn/mau-thiep/mau-thiep-cuoi-korea/feed/index.html]
[thiepdientu.com.vn/wp-content/uploads/2023/12/img1.jpg]
[thiepdientu.com.vn/wp-content/uploads/2023/12/img6.jpg]
[thiepdientu.com.vn/mau-thiep/mau-thiep-cuoi-korea/facebook.com]
[thiepdientu.com.vn/mau-thiep/mau-thiep-cuoi-korea/instagram.com]
[thiepdientu.com.vn/mau-thiep/mau-thiep-cuoi-korea/telegram.com]
[thiepdientu.com.vn/wp-content/uploads/2023/12/img4.jpg]
[thiepdientu.com.vn/mau-thiep/mau-thiep-cuoi-korea/twitter.com]
[thiepdientu.com.vn/mau-thiep/mau-thiep-cuoi-korea/instagram]
[thiepdientu.com.vn/wp-content/uploads/2023/12/img5.jpg]
[thiepdientu.com.vn/wp-content/uploads/2023/12/thiep.png]
[thiepdientu.com.vn/wp-content/uploads/2023/12/img3.jpg]
[thiepdientu.com.vn/wp-content/uploads/2023/12/dresscode-icon.png]
[thiepdientu.com.vn/wp-content/uploads/2023/12/1.png]
[thiepdientu.com.vn/wp-content/uploads/2023/12/3.png]
[thiepdientu.com.vn/wp-content/uploads/2023/12/4.png]
[thiepdientu.com.vn/wp-content/uploads/2023/12/5.png]
[thiepdientu.com.vn/wp-content/uploads/2023/12/img2.jpg]
[thiepdientu.com.vn/wp-content/uploads/2023/12/qr-img.png]
[thiepdientu.com.vn/mau-thiep/mau-thiep-cuoi-korea/index.html]
[thiepdientu.com.vn/wp-content/uploads/2024/01/z5060765930765_f2c89c4573931fd9ea0c55b0bc74d82f-683x1024.jpg]
[thiepdientu.com.vn/wp-content/themes/wedding-studio/assets/quyphai/css.css]
[thiepdientu.com.vn/wp-content/uploads/2024/01/z5060765916088_25e0608ecb8682d6d608edbf876a64e1.jpg]
[thiepdientu.com.vn/mau-thiep/mau-thiep-quy-phai/feed/index.html]
[thiepdientu.com.vn/wp-content/themes/wedding-studio/assets/quyphai/img/bg-leaf-top.png]
[thiepdientu.com.vn/wp-content/themes/wedding-studio/assets/quyphai/img/bg-leaf-bottom.png]
[thiepdientu.com.vn/wp-content/themes/wedding-studio/assets/quyphai/img/men-icon.png]
[thiepdientu.com.vn/wp-content/themes/wedding-studio/assets/quyphai/img/wm-icon.png]
[thiepdientu.com.vn/wp-content/uploads/2024/01/z5060765904531_2931007814128a5824fbdc4929c33733.jpg]
[thiepdientu.com.vn/wp-content/uploads/2024/01/z5060765892090_c8ea7dbe979a4ddcaab077e834df94e0.jpg]
[thiepdientu.com.vn/wp-content/uploads/2024/01/z5060765908936_084b787c8360faec0a1655e889c8832f.jpg]
[thiepdientu.com.vn/wp-content/uploads/2024/01/z5060765918726_d95d4c2aec624fc94f68102f2120e007.jpg]
[thiepdientu.com.vn/wp-content/uploads/2024/01/z5060765919004_b02c63d6b1e79d2cf51476144753fa87.jpg]
[thiepdientu.com.vn/wp-content/uploads/2024/01/z5060765942992_9792e5c87c0085b2515631a9a02596df.jpg]
[thiepdientu.com.vn/wp-content/uploads/2024/01/z5060765946555_fbcd7ae5312a95f9b02084797b6c0be8.jpg]
[thiepdientu.com.vn/wp-content/uploads/2024/01/z5060765963259_2e04d4e0190994e4187c10c1f5f33d5c.jpg]
[thiepdientu.com.vn/wp-content/uploads/2024/01/z5060765976763_b7f7185aaa4fad7b02a7a3ca8142e7c8.jpg]
[thiepdientu.com.vn/wp-content/uploads/2024/01/z5060765980782_5de596a675cd094b2590abe8605ef7f4.jpg]
[thiepdientu.com.vn/wp-content/uploads/2024/01/z5060765937849_c62e8c8113de7bbf0e7d237127479e8a.jpg]
[thiepdientu.com.vn/wp-content/uploads/2024/01/z5060765930765_f2c89c4573931fd9ea0c55b0bc74d82f.jpg]
[thiepdientu.com.vn/wp-content/uploads/2024/01/z5062484714460_86b92a8805a1d69892e3ad506673b204-1-e1704987403943.jpg]
[thiepdientu.com.vn/mau-thiep/mau-thiep-quy-phai/index.html]
[thiepdientu.com.vn/wp-content/uploads/2023/12/img9-768x1024.jpg]
[thiepdientu.com.vn/wp-content/themes/wedding-studio/assets/hiendai2/css/style.css]
[thiepdientu.com.vn/wp-content/themes/wedding-studio/assets/hiendai2/img/bg-banner.png]
[thiepdientu.com.vn/wp-content/uploads/2024/01/img4.jpg]
[thiepdientu.com.vn/wp-content/uploads/2024/01/img6.jpg]
[thiepdientu.com.vn/mau-thiep/mau-thiep-hien-dai-2/feed/index.html]
[thiepdientu.com.vn/wp-content/uploads/2024/01/img3.jpg]
[thiepdientu.com.vn/wp-content/uploads/2024/01/C82DCDFB-1E2E-4EE2-B997-57A964682082.jpg]
[thiepdientu.com.vn/wp-content/uploads/2024/01/39C1C000-709D-4963-8E3D-ED0C9AEF3F71.jpg]
[thiepdientu.com.vn/wp-content/uploads/2024/01/A75EC5AB-B03D-4D62-8766-6CBE94EDD5FD.jpg]
[thiepdientu.com.vn/wp-content/uploads/2024/01/2A0284C2-4B3B-4540-9C7B-B1366C01F2FB.jpg]
[thiepdientu.com.vn/wp-content/uploads/2024/01/16E9E153-3933-4589-9A60-5282FAEB9DB8.jpg]
[thiepdientu.com.vn/wp-content/uploads/2024/01/0D651757-8A73-4D91-80F8-6977659C564C.jpg]
[thiepdientu.com.vn/wp-content/uploads/2024/01/20BA7A2D-4A53-4CB6-9AF3-B1E602E13D5C.jpg]
[thiepdientu.com.vn/wp-content/uploads/2024/01/2D4F60FE-2B21-4737-8662-98BE0AA46CD7.jpg]
[thiepdientu.com.vn/wp-content/uploads/2024/01/79F59410-7275-47A9-906F-9BA0E1C03B47.jpg]
[thiepdientu.com.vn/wp-content/uploads/2024/01/926C5FC6-16AB-4C56-9CBE-F9EF8B613250.jpg]
[thiepdientu.com.vn/wp-content/uploads/2024/01/132D767D-5622-4371-B00A-E3E3A5D8F6B0.jpg]
[thiepdientu.com.vn/wp-content/uploads/2024/01/D2AEBDFB-38E9-44DD-A9EC-E3657031EB30.jpg]
[thiepdientu.com.vn/wp-content/uploads/2024/01/z5062484714460_86b92a8805a1d69892e3ad506673b204-3-e1705071197144.jpg]
[thiepdientu.s3.ap-southeast-1.amazonaws.com/wp-content/uploads/2024/04/12120950/music-150x150.png]
[thiepdientu.com.vn/mau-thiep/mau-thiep-hien-dai-2/index.html]
[thiepdientu.com.vn/mau-thiep/mau-thiep-vang-gold/feed/index.html]
[thiepdientu.com.vn/wp-includes/css/dist/block-library/style.min9704.css]
[thiepdientu.com.vn/wp-content/themes/wedding-studio/css/uikit.min8a54.css]
[thiepdientu.com.vn/wp-content/themes/wedding-studio/css/reset18a54.css]
[cdn.jsdelivr.net/npm/remixicon@4.0.0/fonts/remixicon9a75.eot]
[cdn.jsdelivr.net/npm/remixicon@4.0.0/fonts/remixicon9a75.woff2]
[cdn.jsdelivr.net/npm/remixicon@4.0.0/fonts/remixicon9a75.woff]
[cdn.jsdelivr.net/npm/remixicon@4.0.0/fonts/remixicon9a75.ttf]
[cdn.jsdelivr.net/npm/remixicon@4.0.0/fonts/remixicon8a54.css]
[thiepdientu.com.vn/wp-content/themes/wedding-studio/css/preload8a54.css]
[thiepdientu.com.vn/wp-content/themes/wedding-studio/css/reset-wedding8a54.css]
[cdn.jsdelivr.net/npm/@fancyapps/ui@5.0/dist/fancybox/fancybox8a54.css]
[cdn.jsdelivr.net/npm/swiper@11/swiper-bundle.min8a54.css]
[thiepdientu.com.vn/wp-content/themes/wedding-studio/css/animation8a54.css]
[thiepdientu.com.vn/wp-content/themes/wedding-studio/css/aos8a54.css]
[thiepdientu.com.vn/wp-content/themes/wedding-studio/css/footer8a54.css]
[thiepdientu.com.vn/wp-content/themes/wedding-studio/css/wedding8a54.css]
[cdn.jsdelivr.net/npm/remixicon@4.0.0/fonts/remixicon9a75.svg]
[thiepdientu.com.vn/wp-content/themes/wedding-studio/shape/31.png]
[thiepdientu.com.vn/wp-content/themes/wedding-studio/css/theme8a54.css]
[thiepdientu.com.vn/wp-content/themes/wedding-studio/assets/gold/css/style.css]
[thiepdientu.com.vn/mau-thiep/mau-thiep-co-dien/feed/index.html]
[thiepdientu.com.vn/wp-content/themes/wedding-studio/assets/codien2/css/style.css]
[thiepdientu.com.vn/mau-thiep/mau-thiep-cuoi-korea/feed/index.html]
[thiepdientu.com.vn/wp-content/themes/wedding-studio/assets/korea/css/style.css]
[thiepdientu.com.vn/mau-thiep/mau-thiep-cuoi-korea/facebook.html]
[thiepdientu.com.vn/mau-thiep/mau-thiep-cuoi-korea/instagram.html]
[thiepdientu.com.vn/mau-thiep/mau-thiep-cuoi-korea/telegram.html]
[thiepdientu.com.vn/mau-thiep/mau-thiep-cuoi-korea/twitter.html]
[thiepdientu.com.vn/mau-thiep/mau-thiep-cuoi-korea/instagram-2.html]
[thiepdientu.com.vn/mau-thiep/mau-thiep-quy-phai/feed/index.html]
[thiepdientu.com.vn/wp-content/themes/wedding-studio/assets/quyphai/css.css]
[thiepdientu.com.vn/mau-thiep/mau-thiep-hien-dai-2/feed/index.html]
[thiepdientu.com.vn/wp-content/themes/wedding-studio/assets/hiendai2/img-bg/paper-texture.png]
[thiepdientu.com.vn/wp-content/themes/wedding-studio/assets/hiendai2/css/style.css]
[cdn.jsdelivr.net/npm/remixicon@4.0.0/fonts/remixicon9a75.svg]
[thiepdientu.com.vn/wp-content/themes/wedding-studio/shape/31.html]
