[thiepdientu.com.vn/mau-thiep/mau-thiep-nhe-nhang/index.html]
[thiepdientu.com.vn/wp-content/uploads/2024/01/z5060764209805_147582161695b526b46252078d131495-768x1024.jpg]
[backblue.gif]
[fade.gif]
[index.html]
[thiepdientu.com.vn/wp-includes/css/dist/block-library/style.min109c.css]
[thiepdientu.com.vn/wp-content/themes/wedding-studio/css/uikit.min8a54.css]
[thiepdientu.com.vn/wp-content/themes/wedding-studio/css/reset18a54.css]
[cdn.jsdelivr.net/npm/remixicon@4.0.0/fonts/remixicon8a54.css]
[thiepdientu.com.vn/wp-content/themes/wedding-studio/css/preload8a54.css]
[thiepdientu.com.vn/mau-thiep/mau-thiep-nhe-nhang/feed/index.html]
[thiepdientu.com.vn/wp-content/themes/wedding-studio/css/reset-wedding8a54.css]
[cdn.jsdelivr.net/npm/@fancyapps/ui@5.0/dist/fancybox/fancybox8a54.css]
[cdn.jsdelivr.net/npm/swiper@11/swiper-bundle.min8a54.css]
[thiepdientu.com.vn/wp-content/themes/wedding-studio/css/animation8a54.css]
[thiepdientu.com.vn/wp-content/themes/wedding-studio/css/aos8a54.css]
[thiepdientu.com.vn/wp-content/themes/wedding-studio/css/footer8a54.css]
[thiepdientu.com.vn/wp-content/themes/wedding-studio/css/wedding8a54.css]
[thiepdientu.com.vn/wp-content/themes/wedding-studio/css/theme8a54.css]
[thiepdientu.com.vn/wp-includes/js/jquery/jquery.minf43b.js]
[thiepdientu.com.vn/wp-includes/js/jquery/jquery-migrate.min5589.js]
[thiepdientu.com.vn/wp-content/themes/wedding-studio/js/jquery.min8a54.js]
[thiepdientu.s3.ap-southeast-1.amazonaws.com/wp-content/uploads/2024/03/26115441/cropped-logo-favicon-32x32.png]
[thiepdientu.s3.ap-southeast-1.amazonaws.com/wp-content/uploads/2024/03/26115441/cropped-logo-favicon-192x192.png]
[thiepdientu.s3.ap-southeast-1.amazonaws.com/wp-content/uploads/2024/03/26115441/cropped-logo-favicon-180x180.png]
[thiepdientu.com.vn/wp-content/themes/wedding-studio/assets/nhenhang/css/style.css]
[thiepdientu.com.vn/wp-content/uploads/2024/01/logo-doc3.png]
[thiepdientu.com.vn/wp-content/uploads/2024/01/z5060764220797_9b33512a00c805ed4ae955ac9823c923.jpg]
[thiepdientu.com.vn/wp-content/themes/wedding-studio/assets/nhenhang/img/top-left.png]
[thiepdientu.com.vn/wp-content/themes/wedding-studio/assets/nhenhang/img/bottom-right.png]
[thiepdientu.com.vn/wp-content/themes/wedding-studio/assets/nhenhang/img/Roses.png]
[thiepdientu.com.vn/wp-content/uploads/2024/01/z5060764219026_fb6904d13710569f3cbf626f7112a9b4.jpg]
[thiepdientu.com.vn/wp-content/uploads/2024/01/z5060764190313_08fedfec26ce9bdca3aaa80ba91c0cf1-e1704987232112.jpg]
[thiepdientu.com.vn/wp-content/uploads/2024/01/z5060764182075_5c443b6f146205ed0d163273824f3b0f-e1704987321554.jpg]
[thiepdientu.com.vn/wp-content/uploads/2024/01/z5060764182351_d396581b595da161e1ce7ee631f19e1d.jpg]
[thiepdientu.com.vn/wp-content/uploads/2024/01/z5060764197538_65ef0d4b6d1bf2da93de0236b0a8acdd.jpg]
[thiepdientu.com.vn/wp-content/uploads/2024/01/z5060764200801_1334b9deda67db6d89157492e9bc7945.jpg]
[thiepdientu.com.vn/wp-content/uploads/2024/01/z5060764209805_147582161695b526b46252078d131495.jpg]
[thiepdientu.com.vn/wp-content/uploads/2024/01/z5062484714460_86b92a8805a1d69892e3ad506673b204-2-e1704987370131.jpg]
[cdn.jsdelivr.net/npm/@fancyapps/ui@5.0/dist/fancybox/fancybox.umd8a54.js]
[static.vecteezy.com/system/resources/previews/016/407/415/original/paper-cut-sweet-pink-envelope-and-heart-with-copy-space-for-design-valentine-s-day-or-love-day-background-concept-send-a-letter-to-a-lover-couple]
[thiepdientu.com.vn/wp-content/themes/wedding-studio/js/uikit.min8a54.js]
[thiepdientu.com.vn/wp-content/themes/wedding-studio/js/uikit-icons.min8a54.js]
[thiepdientu.com.vn/wp-content/themes/wedding-studio/js/preloader8a54.js]
[thiepdientu.com.vn/wp-content/themes/wedding-studio/js/aos8a54.js]
[cdn.jsdelivr.net/npm/swiper@11/swiper-bundle.min8a54.js]
[unpkg.com/scrollreveal@4.0.0/dist/scrollreveal.min.js]
[thiepdientu.com.vn/wp-content/themes/wedding-studio/js/main-wedding8a54.js]
[thiepdientu.com.vn/wp-includes/js/comment-reply.min109c.js]
[thiepdientu.com.vn/mau-thiep/mau-thiep-nhe-nhang/index.html]
[thiepdientu.com.vn/mau-thiep/mau-thiep-nhe-nhang/feed/index.html]
[thiepdientu.com.vn/wp-includes/css/dist/block-library/style.min109c.css]
[thiepdientu.com.vn/wp-content/themes/wedding-studio/css/uikit.min8a54.css]
[thiepdientu.com.vn/wp-content/themes/wedding-studio/css/reset18a54.css]
[cdn.jsdelivr.net/npm/remixicon@4.0.0/fonts/remixicon9a75.eot]
[cdn.jsdelivr.net/npm/remixicon@4.0.0/fonts/remixicon9a75.woff2]
[cdn.jsdelivr.net/npm/remixicon@4.0.0/fonts/remixicon9a75.woff]
[cdn.jsdelivr.net/npm/remixicon@4.0.0/fonts/remixicon9a75.ttf]
[cdn.jsdelivr.net/npm/remixicon@4.0.0/fonts/remixicon8a54.css]
[thiepdientu.com.vn/wp-content/themes/wedding-studio/css/preload8a54.css]
[thiepdientu.com.vn/wp-content/themes/wedding-studio/css/reset-wedding8a54.css]
[cdn.jsdelivr.net/npm/@fancyapps/ui@5.0/dist/fancybox/fancybox8a54.css]
[cdn.jsdelivr.net/npm/swiper@11/swiper-bundle.min8a54.css]
[thiepdientu.com.vn/wp-content/themes/wedding-studio/css/animation8a54.css]
[thiepdientu.com.vn/wp-content/themes/wedding-studio/css/aos8a54.css]
[thiepdientu.com.vn/wp-content/themes/wedding-studio/css/footer8a54.css]
[thiepdientu.com.vn/wp-content/themes/wedding-studio/css/wedding8a54.css]
[cdn.jsdelivr.net/npm/remixicon@4.0.0/fonts/remixicon9a75.svg]
[thiepdientu.com.vn/wp-content/themes/wedding-studio/shape/31.png]
[thiepdientu.com.vn/wp-content/themes/wedding-studio/css/theme8a54.css]
[thiepdientu.com.vn/wp-content/themes/wedding-studio/assets/nhenhang/css/style.css]
[cdn.jsdelivr.net/npm/remixicon@4.0.0/fonts/remixicon9a75.svg]
[thiepdientu.com.vn/wp-content/themes/wedding-studio/shape/31.html]
